// Jest Snapshot v1, https://goo.gl/fbAQLP

exports[`<Sidebar /> Should render properly & match snapshot 1`] = `
<DocumentFragment>
  <aside
    class="sidebar_bg"
    style="visibility: visible;"
  >
    <div
      class="sidebar_container"
      style="transform: translate3d(0%, 0, 0);"
    >
      <div
        class="hide_sidebar_btn_wrapper"
      >
        <button>
          <svg
            class="w-6 h-6"
            fill="none"
            stroke="currentColor"
            stroke-width="1.5"
            viewBox="0 0 24 24"
            xmlns="http://www.w3.org/2000/svg"
          >
            <path
              d="M6 18L18 6M6 6l12 12"
              stroke-linecap="round"
              stroke-linejoin="round"
            />
          </svg>
        </button>
      </div>
      <nav
        class="sidebar_menu"
      >
        <ul
          class="sidebar_main_nav"
          role="list"
        >
          <li>
            <button>
              <span>
                Featured
              </span>
              <svg
                class="w-6 h-6"
                fill="none"
                stroke="currentColor"
                stroke-width="2"
                viewBox="0 0 24 24"
                xmlns="http://www.w3.org/2000/svg"
              >
                <path
                  d="M8.25 4.5l7.5 7.5-7.5 7.5"
                  stroke-linecap="round"
                  stroke-linejoin="round"
                />
              </svg>
            </button>
          </li>
          <li>
            <button>
              <span>
                Men
              </span>
              <svg
                class="w-6 h-6"
                fill="none"
                stroke="currentColor"
                stroke-width="2"
                viewBox="0 0 24 24"
                xmlns="http://www.w3.org/2000/svg"
              >
                <path
                  d="M8.25 4.5l7.5 7.5-7.5 7.5"
                  stroke-linecap="round"
                  stroke-linejoin="round"
                />
              </svg>
            </button>
          </li>
          <li>
            <button>
              <span>
                Women
              </span>
              <svg
                class="w-6 h-6"
                fill="none"
                stroke="currentColor"
                stroke-width="2"
                viewBox="0 0 24 24"
                xmlns="http://www.w3.org/2000/svg"
              >
                <path
                  d="M8.25 4.5l7.5 7.5-7.5 7.5"
                  stroke-linecap="round"
                  stroke-linejoin="round"
                />
              </svg>
            </button>
          </li>
          <li>
            <button>
              <span>
                Kids
              </span>
              <svg
                class="w-6 h-6"
                fill="none"
                stroke="currentColor"
                stroke-width="2"
                viewBox="0 0 24 24"
                xmlns="http://www.w3.org/2000/svg"
              >
                <path
                  d="M8.25 4.5l7.5 7.5-7.5 7.5"
                  stroke-linecap="round"
                  stroke-linejoin="round"
                />
              </svg>
            </button>
          </li>
          <li>
            <button>
              <span>
                Sale
              </span>
              <svg
                class="w-6 h-6"
                fill="none"
                stroke="currentColor"
                stroke-width="2"
                viewBox="0 0 24 24"
                xmlns="http://www.w3.org/2000/svg"
              >
                <path
                  d="M8.25 4.5l7.5 7.5-7.5 7.5"
                  stroke-linecap="round"
                  stroke-linejoin="round"
                />
              </svg>
            </button>
          </li>
        </ul>
        <div
          class="sub_sidebar_menu"
          style="transform: translate3d(100%, 0, 0);"
        >
          <button>
             
            <svg
              class="w-6 h-6"
              fill="none"
              stroke="currentColor"
              stroke-width="2"
              viewBox="0 0 24 24"
              xmlns="http://www.w3.org/2000/svg"
            >
              <path
                d="M15.75 19.5L8.25 12l7.5-7.5"
                stroke-linecap="round"
                stroke-linejoin="round"
              />
            </svg>
            <span>
              All
            </span>
          </button>
          <div
            class="sub_sidebar_menu_wrapper"
          >
            <div />
            <ul
              role="list"
            >
              <li>
                <a
                  href="/products"
                >
                  Clothing
                </a>
              </li>
              <li>
                <a
                  href="/products"
                >
                  Shoes
                </a>
              </li>
            </ul>
          </div>
        </div>
      </nav>
    </div>
  </aside>
</DocumentFragment>
`;
